::::::%%::TRR

./01
MM
RRT&SYZ	QQ	YZYZ		,-56		KKYZ	QQ	YZS&%""%&&"%%"TRRR

./01

MMT&S	QQQYZ		YZYZ	,2	YZYZ		KKYZ	S&%""%&&"%%"TMM

./01

T&&SYZYZKK		YZYZ	,24	YZYZ		YZYZYZS&%""%&&"%%"TRRR
\:\:\:\:
./017
\:\:\:\:
RRRTSQQQ			,389			QQQS& !!!:E>==?<<@DBE::==<IHFGJ	RRM@]U	K^RRDX	W]G^%%bbbbb%%`abbbbb`a
_zdccce _zzz_!!!!MRRRhKf]gj^^%%bbbbbbMMM
`abbbbbb`alll_zzz_dcccce _zzz_!!!!MM^	KK
u%^
%O^
%qr	s
qrnopt	nopbbbbbbbbbb^Ebbbbbbbbbb%^dcccedcccewwww
&x~x~x~x_zz#y{|}y{|}y{|}y!!MRRR~^Kf]g	{|}M'RRRK@DB	W[]BMM''RRRR
RRRRRRRR
KK@DBQQQQ	QQQQQQQQ		