



*#$#$#$
2AAAAAA33334
233AA43SSSSSSS4///Z///

2AAAA3333AAAA4
*////////
2>>>>>43RRRP2AAA4
*AA\AAAA


*89::::::::::;<233AA4:T::::::;<000Z0002AAAA3333AAAA4*00000000
2SSSSS4::::T9:::;<*AAAAAA
(*#$-#$#$2AADAAA333342@3AA43PLMNMO@4VWXZ\(2AAAA3333DAAA4*//-////2L_NMO43`abP2AAD4*AA\AA-AA(('*,%!2AACAAA3EIF42?3AA43P42?4%!Z\'2AAAAEIIFCAAA4*00%!!,000024^KK243EIFP2AAC4*AA%!AA,AA'q			&									)+			566B61667G57				5B66676Q7	U	5B7		[Y&			566667GG5B6667U		)+				57]KK5767G5Q561B7	U	)+									&												&	ope#$00#$2333333333333334
*#$A\\A
2AAAAAAAAAAAAAA4*AA#$0

2AAAP3AAA33AAA4*000000

*AAAAAAAAAAAce//2AAAA3AAAA3AAAA4*AA2AAAAAAAAAAAAAA4*AA#$#$/89:::::::;<2AAAP3AAA33AAA4*//////*AAAAAAAAAAAce#$0-0#$23333@3333333334(*#$AjinikD2LMMMO3L_MMO3334*AA-#$0(233lmt334(2AAAP333333ADA4*000000-89::::u::;<*A-jiniinik-ce%!!,/2AAAA?AAAA3AAAA4q*AC24KKK234^KK2EIF4*AA,#$#$%!!'2AAEIFAA4'2AAAPEIIIF3ACA4*%!,2>EIFs>>4*A%!,\KKKKKK%!,ch+.			56666B1666666667		&	)	U	+			57KKK517]KK57G57		)+Y	&U5667G5667		&5666Q7GGG566B67	)Y+				U	5=7G5r==7				)+KKKKKK+f