
F F))))		))		E-.,,./9

)1)o!"*%1)]#)&y)\		))\E		)1)\

8
!"*%1""+"#		)&%1)		E-.,&%1,./7

)1&%)!"*%1""+"#)&%1)-.,&%1,./&%102	&%546EE==;;?AB@CDEEE=====;
:;;;;HI

_
b
F==HI`a;;7edc
FE)EEE)LLL
,KJKJKJMONRRRRRERRRRRQPQQOS
EV=UOT;=E==;UW;;E=UXN;))ELLE,KKJKJ^+""""""]"Y)ELLL\EZ,KJKJKJ[))))-,....,/hHIigfjkkLLLLLLLm~pppMONpppp^n!""""""""""""""""""""]#^[hLLLLLLL]"igm~qrsppppppp[njkk					hE	E	E	E	E	gm




ut6k			hE		E	Eigm
wx

njkkEE|}LLLLLLLLmppFppppFppn!""""#vv!""""#LLLLmp^pEEp^pn!"]""]"#L\LL\Limp[FpnmpF[pnjk