
   DE   	!"#$%&
   FG   	
ca7NB=ab	
ca79J=ab	
?LC>	

68H<	
   DE   	'()5&
   FG   	
ca7NB=ab	
ca79J=ab	
?LC>	

68H<	
   DE   	+,-01/
   FG   	
ca7NB=ab	
ca79J=ab	
?LC>	

68H<	
   DE   	234*&
   FG   	
ca7NB=ab	
ca79J=ab	
?LC>	

68H<	QSUW\[^_XYYZQSUWPR]VXYYZQSUW\[^_XYYZQSUWPR]VXYYZQSUW\[^_XYYZQSUWPR]VXYYZ