-0+			/-0-,


.,		.0+777

77/+5;55(*55/31###%&')#24-0+!$/+			/+"(*/,


.,###%&')#.07!$77/5"55/40<		B	/
9
D/5@=>>?AC/4KKKKKKKKIVEEEEEbEEEEEW`NRQQERQQQNNGaLPOMSTUMOLLFJ-0+		/+
Y9YZY/+@=[5XXX/34-0+/+YY9/+@\[A5/34-0+	B]	/+ZYD9YY
/+@\[AC5XX@=?A/34-0+]]/+YYYY9YYYY/+XXXX5XXXX/34-0+/+9/+@=?A5=?A/34-0+/+9___YY/+5@=^?XX/34-0+	/+__
9/+@=?A5/34-eI+EhG+Efc3J