&'312&'&'&'&'4	&'*+&'()JK:JK&'()&'()?>;<=&'()&'()4
.&',-*+&'JK:JK()&'()&'@AB()&'()&'4
.()*+,-()KJ:KJ&'()&'()CDE&'()&'()4
.&',-*+&'JK:JK()&'()&'FGH()&'()&'I
.()8967"!"#$CDE !#$ _`agefYZ	
YZ[bcd\]^


	




	




	!" !"#$RRRRR #$RRRRR
P
P
P
P
P@AB
P
P	P
P
P	
RVTWXRVTWXRVTWXRVTWXRVTWXRVTWXRVTWXRVTWXRVTWXRVTWX&'j&'hhi.&'hhh*+JJ:JJ()JJ:JJ()h	.()hhh67NNNNL	LLLvNL
klklj	oklijiklo
jNoimn	LVVVVVV?>;<=VVVVVV





	






rrN	pqLrrrpkl	NrrrL	pspNNrrrNLL	spsLN	uLNrrrL	opq