$4>8|

	


%#$426		

	
BCo;&"9$4E35n)'!("#$423(,+7< G!
"9$4E3	,F*- !("#$423(,+*- G!	%#$426,F*- &"9$0
PQ	
PQ

/4E35+*- '!("#$MNNNZ[NNNNZ[NNNO423(,+7- !
"9$KLKLLKLLLKLKLLKL4E3,F*- !("#HIIIXYIIIIXYIIIJ23(,+*- !
	
/0
PQ	
PQ

/0

,F*-$ .1\PQPQ^.1+*-4g>8|bcA	

	


	
	
%#$ ``a`TU````TU````-426
		
	


	
efo;&"9$0	
RS
	RS
/4E35d=)'!("#$0
RSRS
	/423(,+7< !
"9$0RS
RS/4E3,F*- !("#0	RSkl
RS	/23(,+*- !	
	
/0
RS	jmRS
/0

,F*- .1\RS}iRS^.1+*- VWVW-0uxv/0	uxv
/0wxv/0
yz{/|
0t
/;1sqr.)