"")""")")""")")  "$!'!(*'!'!(*(*'!'!(*(  "$$!RSSSSSSSSSSSSSSSSSSSS"$!#RZW[WWWW[WWWW[WWWW[WWW] $!RSSSYXXXXXXXXXXXXXXXXXXXX^9:;;NU;:;;;;:;:;:;:;:;;::::;\v	~P										~ "$'}	{z|PEONONON			{z"$!RT{z|ywx	PPPPP	~LEF		u)!RSSuu								{z|P	PEFEF	
 :;::;::NO:N			u			
		~v		EHFEF?	

  	{z|	}				H		ABCEFEM		u{z|		E		>:C		~FENONKywx					N				z|	EF	~	P  	EH		u				LH	P	JO	u		{z|P 					JK	v				PP	>?			u	vP8 ~				JK}		AB:N	}	P8 "{z|		{z|ABCLEFEF{z|8&)!''$Mu				JK	u	ABC	vEF	ywxJ8::::;:;:;:?@		EJONOONO		}	EG	u	P8v			D?@		LGE	P		E	{z		
8	}					D?@			GE		~EFu	
8M	{z|		AB:NONGE	{z|			E8ywxABC				EFF	EGEu		E8 		uABC					~EGE	E8::NO:;;:;?@{z|EGLFE@		E 8 	~	EFEFG					D?@u			PPD?@	$&")&&""8""345))	{z|	P				
#%'!(%%'!*7*!062('9:;:=	u					
.-----------+	
/ghhhhhhhhhhhhorrrrrrrrrrrrr)ptqtqtqtqtqtq'(ghhhhhhhhhhhh``effahnnnhdiii_____bjmmmlc___/