-				0,!&/"



($.-					>?			0,>?EGHFA"J




>?<


BC@845923123D>?					23			0>?!&#23EGHFA>?<

($"


:23


BC@459867923IIII123D-	23								0,O23OOOOOA"L
23:

L
L
L
L
L

J@8679IIII